
Map of Debug\lab2-1.sm8 from link file Debug\lab2-1.lkf - Thu Dec 13 22:18:00 2018


                               --------
                               Segments
                               --------

start 00008080 end 000080aa length    42 segment .const
start 000080ad end 000089b4 length  2311 segment .text
start 00004000 end 00004000 length     0 segment .eeprom
start 00000000 end 00000000 length     0 segment .bsct
start 00000000 end 0000000a length    10 segment .ubsct
start 0000000a end 0000000a length     0 segment .bit
start 0000000a end 0000000a length     0 segment .share
start 00000100 end 00000100 length     0 segment .data
start 00000100 end 00000100 length     0 segment .bss
start 00000000 end 00000ead length  3757 segment .info.
start 00000000 end 00012efe length 77566 segment .debug
start 00008000 end 00008080 length   128 segment .const
start 000080aa end 000080ad length     3 segment .init


                               -------
                               Modules
                               -------

C:\Apps\COSMIC\CXSTM8_EVAL\Lib\crtsi0.sm8:
start 000080ad end 000080f8 length    75 section .text
start 00000100 end 00000100 length     0 section .bss
start 00000000 end 00000000 length     0 section .ubsct
start 00000000 end 00000030 length    48 section .info.

Debug\delay.o:
start 000080f8 end 0000811b length    35 section .text
start 00000000 end 000000ff length   255 section .debug
start 00000030 end 0000009e length   110 section .info.

Debug\lcd.o:
start 0000811b end 00008350 length   565 section .text
start 000000ff end 00000526 length  1063 section .debug
start 0000009e end 0000010a length   108 section .info.

Debug\stm8s_adc1.o:
start ******** end ******** length     0 section .text *** removed ***
start 00000526 end 00001b17 length  5617 section .debug
start 0000010a end 0000017d length   115 section .info.

Debug\stm8s_awu.o:
start ******** end ******** length     0 section .text *** removed ***
start 00001b17 end 000020d6 length  1471 section .debug
start 0000017d end 000001ef length   114 section .info.
start ******** end ******** length     0 section .const *** removed ***

Debug\stm8s_beep.o:
start ******** end ******** length     0 section .text *** removed ***
start 000020d6 end 000023b1 length   731 section .debug
start 000001ef end 00000262 length   115 section .info.
start ******** end ******** length     0 section .const *** removed ***

Debug\stm8s_clk.o:
start 00008350 end 000086d4 length   900 section .text
start 000023b1 end 00003a20 length  5743 section .debug
start 00000262 end 000002d4 length   114 section .info.
start 00008080 end 0000808c length    12 section .const

Debug\stm8s_exti.o:
start ******** end ******** length     0 section .text *** removed ***
start 00003a20 end 00003eaf length  1167 section .debug
start 000002d4 end 00000347 length   115 section .info.

Debug\stm8s_flash.o:
start ******** end ******** length     0 section .text *** removed ***
start 00003eaf end 00004cdf length  3632 section .debug
start 00000347 end 000003bb length   116 section .info.

Debug\stm8s_gpio.o:
start 000086d4 end 00008786 length   178 section .text
start 00004cdf end 000056e9 length  2570 section .debug
start 000003bb end 0000042e length   115 section .info.

Debug\stm8s_i2c.o:
start ******** end ******** length     0 section .text *** removed ***
start 000056e9 end 00006c8a length  5537 section .debug
start 0000042e end 000004a0 length   114 section .info.
start ******** end ******** length     0 section .const *** removed ***

Debug\stm8s_itc.o:
start ******** end ******** length     0 section .text *** removed ***
start 00006c8a end 0000728d length  1539 section .debug
start 000004a0 end 00000512 length   114 section .info.
start ******** end ******** length     0 section .const *** removed ***

Debug\stm8s_iwdg.o:
start ******** end ******** length     0 section .text *** removed ***
start 0000728d end 0000762f length   930 section .debug
start 00000512 end 00000585 length   115 section .info.

Debug\stm8s_rst.o:
start ******** end ******** length     0 section .text *** removed ***
start 0000762f end 0000785e length   559 section .debug
start 00000585 end 000005f7 length   114 section .info.

Debug\stm8s_spi.o:
start ******** end ******** length     0 section .text *** removed ***
start 0000785e end 0000879a length  3900 section .debug
start 000005f7 end 00000669 length   114 section .info.

Debug\stm8s_tim1.o:
start ******** end ******** length     0 section .text *** removed ***
start 0000879a end 0000c724 length 16266 section .debug
start 00000669 end 000006dc length   115 section .info.

Debug\stm8s_tim2.o:
start ******** end ******** length     0 section .text *** removed ***
start 0000c724 end 0000ea38 length  8980 section .debug
start 000006dc end 0000074f length   115 section .info.

Debug\stm8s_tim3.o:
start ******** end ******** length     0 section .text *** removed ***
start 0000ea38 end 00010852 length  7706 section .debug
start 0000074f end 000007c2 length   115 section .info.

Debug\stm8s_tim4.o:
start ******** end ******** length     0 section .text *** removed ***
start 00010852 end 00011409 length  2999 section .debug
start 000007c2 end 00000835 length   115 section .info.

Debug\stm8s_uart2.o:
start ******** end ******** length     0 section .text *** removed ***
start 00011409 end 000129ef length  5606 section .debug
start 00000835 end 000008a9 length   116 section .info.
start ******** end ******** length     0 section .const *** removed ***

Debug\stm8s_wwdg.o:
start ******** end ******** length     0 section .text *** removed ***
start 000129ef end 00012c35 length   582 section .debug
start 000008a9 end 0000091c length   115 section .info.

Debug\main.o:
start 00008786 end 00008830 length   170 section .text
start 00012c35 end 00012d93 length   350 section .debug
start 0000091c end 00000989 length   109 section .info.
start 0000808c end 000080aa length    30 section .const

(C:\Apps\COSMIC\CXSTM8_EVAL\Lib\libm0.sm8)cmulx.o:
start ******** end ******** length     0 section .text *** removed ***
start 00000989 end 000009b9 length    48 section .info.

(C:\Apps\COSMIC\CXSTM8_EVAL\Lib\libm0.sm8)imul.o:
start ******** end ******** length     0 section .text *** removed ***
start 000009b9 end 000009e8 length    47 section .info.

(C:\Apps\COSMIC\CXSTM8_EVAL\Lib\libm0.sm8)ladd.o:
start ******** end ******** length     0 section .text *** removed ***
start 000009e8 end 00000a17 length    47 section .info.

(C:\Apps\COSMIC\CXSTM8_EVAL\Lib\libm0.sm8)lcmp.o:
start ******** end ******** length     0 section .text *** removed ***
start 00000a17 end 00000a46 length    47 section .info.

(C:\Apps\COSMIC\CXSTM8_EVAL\Lib\libm0.sm8)lgadd.o:
start ******** end ******** length     0 section .text *** removed ***
start 00000a46 end 00000a76 length    48 section .info.

(C:\Apps\COSMIC\CXSTM8_EVAL\Lib\libm0.sm8)lglsh.o:
start 00008830 end 0000883e length    14 section .text
start 00000a76 end 00000aa6 length    48 section .info.

(C:\Apps\COSMIC\CXSTM8_EVAL\Lib\libm0.sm8)lgsbc.o:
start 0000883e end 00008854 length    22 section .text
start 00000aa6 end 00000ad6 length    48 section .info.

(C:\Apps\COSMIC\CXSTM8_EVAL\Lib\libm0.sm8)llsh.o:
start ******** end ******** length     0 section .text *** removed ***
start 00000ad6 end 00000b05 length    47 section .info.

(C:\Apps\COSMIC\CXSTM8_EVAL\Lib\libm0.sm8)lmul.o:
start ******** end ******** length     0 section .text *** removed ***
start 00000b05 end 00000b34 length    47 section .info.

(C:\Apps\COSMIC\CXSTM8_EVAL\Lib\libm0.sm8)lreg.o:
start 00000000 end 00000004 length     4 section .ubsct
start 00000b34 end 00000b63 length    47 section .info.

(C:\Apps\COSMIC\CXSTM8_EVAL\Lib\libm0.sm8)lrzmp.o:
start 00008854 end 00008868 length    20 section .text
start 00000b63 end 00000b93 length    48 section .info.

(C:\Apps\COSMIC\CXSTM8_EVAL\Lib\libm0.sm8)lsub.o:
start ******** end ******** length     0 section .text *** removed ***
start 00000b93 end 00000bc2 length    47 section .info.

(C:\Apps\COSMIC\CXSTM8_EVAL\Lib\libm0.sm8)ltor.o:
start 00008868 end 0000887a length    18 section .text
start 00000bc2 end 00000bf1 length    47 section .info.

(C:\Apps\COSMIC\CXSTM8_EVAL\Lib\libm0.sm8)ludiv.o:
start 0000887a end 0000888e length    20 section .text
start 00000bf1 end 00000c21 length    48 section .info.

(C:\Apps\COSMIC\CXSTM8_EVAL\Lib\libm0.sm8)ldiv.o:
start 0000888e end 00008979 length   235 section .text
start 00000c21 end 00000c50 length    47 section .info.

(C:\Apps\COSMIC\CXSTM8_EVAL\Lib\libm0.sm8)lgneg.o:
start 00008979 end 0000898c length    19 section .text
start 00000c50 end 00000c80 length    48 section .info.

(C:\Apps\COSMIC\CXSTM8_EVAL\Lib\libm0.sm8)lneg.o:
start 0000898c end 000089a1 length    21 section .text
start 00000c80 end 00000caf length    47 section .info.

(C:\Apps\COSMIC\CXSTM8_EVAL\Lib\libm0.sm8)lursh.o:
start ******** end ******** length     0 section .text *** removed ***
start 00000caf end 00000cdf length    48 section .info.

(C:\Apps\COSMIC\CXSTM8_EVAL\Lib\libm0.sm8)rtol.o:
start 000089a1 end 000089b3 length    18 section .text
start 00000cdf end 00000d0e length    47 section .info.

(C:\Apps\COSMIC\CXSTM8_EVAL\Lib\libm0.sm8)sdivx.o:
start ******** end ******** length     0 section .text *** removed ***
start 00000d0e end 00000d3e length    48 section .info.

(C:\Apps\COSMIC\CXSTM8_EVAL\Lib\libm0.sm8)smul.o:
start ******** end ******** length     0 section .text *** removed ***
start 00000d3e end 00000d6d length    47 section .info.

(C:\Apps\COSMIC\CXSTM8_EVAL\Lib\libm0.sm8)umul.o:
start ******** end ******** length     0 section .text *** removed ***
start 00000d6d end 00000d9c length    47 section .info.

(C:\Apps\COSMIC\CXSTM8_EVAL\Lib\libm0.sm8)xreg.o:
start 00000004 end 00000007 length     3 section .ubsct
start 00000d9c end 00000dcb length    47 section .info.

(C:\Apps\COSMIC\CXSTM8_EVAL\Lib\libm0.sm8)yreg.o:
start 00000007 end 0000000a length     3 section .ubsct
start 00000dcb end 00000dfa length    47 section .info.

Debug\stm8_interrupt_vector.o:
start 000089b3 end 000089b4 length     1 section .text
start 00012d93 end 00012efe length   363 section .debug
start 00000dfa end 00000e78 length   126 section .info.
start 00008000 end 00008080 length   128 section .const


                             -----------
                             Stack usage
                             -----------

Debug\delay.o:
_delay_ms                           16   (14)

Debug\lcd.o:
_LCD_4bit_send                      21   (3)
_LCD_GPIO_init                      18   (2)
_LCD_send                           25   (4)
_lcd_clear                          27   (2)
_lcd_gotoxy                         29   (4)
_lcd_init                           27   (2)
_lcd_putchar                    >   27   (2)
_lcd_puts                           29   (4)
_toggle_EN_pin                      18   (2)
_toggle_io                          12   (7)

Debug\main.o:
_GPIO_setup                          2   (2)
_clock_setup                        12   (2)
_main                           >   31   (2)
_setup                              14   (2)

Debug\stm8_interrupt_vector.o:
f_NonHandledInterrupt           >    6   (6)

Debug\stm8s_clk.o:
_CLK_AdjustHSICalibrationValue  >    3   (3)
_CLK_CCOCmd                     >    2   (2)
_CLK_CCOConfig                       3   (3)
_CLK_ClearITPendingBit          >    2   (2)
_CLK_ClockSecuritySystemEnable  >    2   (2)
_CLK_ClockSwitchCmd                  2   (2)
_CLK_ClockSwitchConfig              10   (10)
_CLK_DeInit                          2   (2)
_CLK_FastHaltWakeUpCmd          >    2   (2)
_CLK_GetClockFreq               >   25   (11)
_CLK_GetFlagStatus                   7   (7)
_CLK_GetITStatus                >    4   (4)
_CLK_GetSYSCLKSource            >    2   (2)
_CLK_HSECmd                          2   (2)
_CLK_HSICmd                          2   (2)
_CLK_HSIPrescalerConfig         >    3   (3)
_CLK_ITConfig                   >    4   (4)
_CLK_LSICmd                          2   (2)
_CLK_PeripheralClockConfig           4   (4)
_CLK_SWIMConfig                 >    2   (2)
_CLK_SYSCLKConfig                    3   (3)
_CLK_SYSCLKEmergencyClear       >    2   (2)
_CLK_SlowActiveHaltWakeUpCmd    >    2   (2)

Debug\stm8s_gpio.o:
_GPIO_DeInit                    >    2   (2)
_GPIO_ExternalPullUpConfig      >    6   (6)
_GPIO_Init                           6   (6)
_GPIO_ReadInputData             >    2   (2)
_GPIO_ReadInputPin              >    5   (5)
_GPIO_ReadOutputData            >    2   (2)
_GPIO_Write                     >    5   (5)
_GPIO_WriteHigh                      5   (5)
_GPIO_WriteLow                       5   (5)
_GPIO_WriteReverse              >    5   (5)

Stack size: 37


                              ---------
                              Call tree
                              ---------
   1 > _CLK_AdjustHSICalibrationValue: (3)

   2 > _CLK_CCOCmd: (2)

   3 > _CLK_ClearITPendingBit: (2)

   4 > _CLK_ClockSecuritySystemEnable: (2)

   5 > _CLK_FastHaltWakeUpCmd: (2)

   6 > _CLK_GetClockFreq: (11)

   7 > _CLK_GetITStatus: (4)

   8 > _CLK_GetSYSCLKSource: (2)

   9 > _CLK_HSIPrescalerConfig: (3)

  10 > _CLK_ITConfig: (4)

  11 > _CLK_SWIMConfig: (2)

  12 > _CLK_SYSCLKEmergencyClear: (2)

  13 > _CLK_SlowActiveHaltWakeUpCmd: (2)

  14 > _GPIO_DeInit: (2)

  15 > _GPIO_ExternalPullUpConfig: (6)

  16 > _GPIO_ReadInputData: (2)

  17 > _GPIO_ReadInputPin: (5)

  18 > _GPIO_ReadOutputData: (2)

  19 > _GPIO_Write: (5)

  20 > _GPIO_WriteReverse: (5)

  21 > __stext: (0)

  22 > _lcd_putchar: (2)
  23      + _LCD_send: (4)
  24      |    + _GPIO_WriteHigh: (5)
  25      |    + _GPIO_WriteLow: (5)
  26      |    + _LCD_4bit_send: (3)
  27      |    |    + _toggle_EN_pin: (2)
  28      |    |    |    + _GPIO_WriteHigh --> 24
  29      |    |    |    + _GPIO_WriteLow --> 25
  30      |    |    |    + _delay_ms: (14)
          |    |    | 
  31      |    |    + _toggle_io: (7)
  32      |    |    |    + _GPIO_WriteHigh --> 24
  33      |    |    |    + _GPIO_WriteLow --> 25
          |    |    | 
          |    | 
          | 
       
  34 > _main: (2)
  35      + _delay_ms --> 30
  36      + _lcd_clear: (2)
  37      |    + _LCD_send --> 23
          | 
  38      + _lcd_gotoxy: (4)
  39      |    + _LCD_send --> 23
          | 
  40      + _lcd_init: (2)
  41      |    + _GPIO_WriteHigh --> 24
  42      |    + _GPIO_WriteLow --> 25
  43      |    + _LCD_GPIO_init: (2)
  44      |    |    + _GPIO_Init: (6)
  45      |    |    + _delay_ms --> 30
          |    | 
  46      |    + _LCD_send --> 23
  47      |    + _toggle_EN_pin --> 27
          | 
  48      + _lcd_puts: (4)
  49      |    + _LCD_send --> 23
          | 
  50      + _setup: (2)
  51      |    + _GPIO_setup: (2)
  52      |    + _clock_setup: (2)
  53      |    |    + _CLK_CCOConfig: (3)
  54      |    |    + _CLK_ClockSwitchCmd: (2)
  55      |    |    + _CLK_ClockSwitchConfig: (10)
  56      |    |    + _CLK_DeInit: (2)
  57      |    |    + _CLK_GetFlagStatus: (7)
  58      |    |    + _CLK_HSECmd: (2)
  59      |    |    + _CLK_HSICmd: (2)
  60      |    |    + _CLK_LSICmd: (2)
  61      |    |    + _CLK_PeripheralClockConfig: (4)
  62      |    |    + _CLK_SYSCLKConfig: (3)
          |    | 
          | 
       
  63 > f_NonHandledInterrupt: (6)

  64   _CLK_CCOConfig --> 53

  65   _CLK_ClockSwitchCmd --> 54

  66   _CLK_ClockSwitchConfig --> 55

  67   _CLK_DeInit --> 56

  68   _CLK_GetFlagStatus --> 57

  69   _CLK_HSECmd --> 58

  70   _CLK_HSICmd --> 59

  71   _CLK_LSICmd --> 60

  72   _CLK_PeripheralClockConfig --> 61

  73   _CLK_SYSCLKConfig --> 62

  74   _GPIO_Init --> 44

  75   _GPIO_WriteHigh --> 24

  76   _GPIO_WriteLow --> 25

  77   _GPIO_setup --> 51

  78   _LCD_4bit_send --> 26

  79   _LCD_GPIO_init --> 43

  80   _LCD_send --> 23

  81   _clock_setup --> 52

  82   _delay_ms --> 30

  83   _lcd_clear --> 36

  84   _lcd_gotoxy --> 38

  85   _lcd_init --> 40

  86   _lcd_puts --> 48

  87   _setup --> 50

  88   _toggle_EN_pin --> 27

  89   _toggle_io --> 31



                               -------
                               Symbols
                               -------

_ADC1_AWDChannelConfig           ********   *** removed from Debug\stm8s_adc1.o ***
_ADC1_ClearFlag                  ********   *** removed from Debug\stm8s_adc1.o ***
_ADC1_ClearITPendingBit          ********   *** removed from Debug\stm8s_adc1.o ***
_ADC1_Cmd                        ********   *** removed from Debug\stm8s_adc1.o ***
_ADC1_ConversionConfig           ********   *** removed from Debug\stm8s_adc1.o ***
_ADC1_DataBufferCmd              ********   *** removed from Debug\stm8s_adc1.o ***
_ADC1_DeInit                     ********   *** removed from Debug\stm8s_adc1.o ***
_ADC1_ExternalTriggerConfig      ********   *** removed from Debug\stm8s_adc1.o ***
_ADC1_GetAWDChannelStatus        ********   *** removed from Debug\stm8s_adc1.o ***
_ADC1_GetBufferValue             ********   *** removed from Debug\stm8s_adc1.o ***
_ADC1_GetConversionValue         ********   *** removed from Debug\stm8s_adc1.o ***
_ADC1_GetFlagStatus              ********   *** removed from Debug\stm8s_adc1.o ***
_ADC1_GetITStatus                ********   *** removed from Debug\stm8s_adc1.o ***
_ADC1_ITConfig                   ********   *** removed from Debug\stm8s_adc1.o ***
_ADC1_Init                       ********   *** removed from Debug\stm8s_adc1.o ***
_ADC1_PrescalerConfig            ********   *** removed from Debug\stm8s_adc1.o ***
_ADC1_ScanModeCmd                ********   *** removed from Debug\stm8s_adc1.o ***
_ADC1_SchmittTriggerConfig       ********   *** removed from Debug\stm8s_adc1.o ***
_ADC1_SetHighThreshold           ********   *** removed from Debug\stm8s_adc1.o ***
_ADC1_SetLowThreshold            ********   *** removed from Debug\stm8s_adc1.o ***
_ADC1_StartConversion            ********   *** removed from Debug\stm8s_adc1.o ***
_APR_Array                       ********   *** removed from Debug\stm8s_awu.o ***
_AWU_Cmd                         ********   *** removed from Debug\stm8s_awu.o ***
_AWU_DeInit                      ********   *** removed from Debug\stm8s_awu.o ***
_AWU_GetFlagStatus               ********   *** removed from Debug\stm8s_awu.o ***
_AWU_IdleModeEnable              ********   *** removed from Debug\stm8s_awu.o ***
_AWU_Init                        ********   *** removed from Debug\stm8s_awu.o ***
_AWU_LSICalibrationConfig        ********   *** removed from Debug\stm8s_awu.o ***
_BEEP_Cmd                        ********   *** removed from Debug\stm8s_beep.o ***
_BEEP_DeInit                     ********   *** removed from Debug\stm8s_beep.o ***
_BEEP_Init                       ********   *** removed from Debug\stm8s_beep.o ***
_BEEP_LSICalibrationConfig       ********   *** removed from Debug\stm8s_beep.o ***
_CLKPrescTable                   00008084   defined in Debug\stm8s_clk.o section .const
_CLK_AdjustHSICalibrationValue   0000862a   defined in Debug\stm8s_clk.o section .text
_CLK_CCOCmd                      000083c0   defined in Debug\stm8s_clk.o section .text
_CLK_CCOConfig                   00008523   defined in Debug\stm8s_clk.o section .text
                                            used in Debug\main.o
_CLK_ClearITPendingBit           000086c5   defined in Debug\stm8s_clk.o section .text
_CLK_ClockSecuritySystemEnable   000085ad   defined in Debug\stm8s_clk.o section .text
_CLK_ClockSwitchCmd              000083ce   defined in Debug\stm8s_clk.o section .text
                                            used in Debug\main.o
_CLK_ClockSwitchConfig           00008456   defined in Debug\stm8s_clk.o section .text
                                            used in Debug\main.o
_CLK_DeInit                      00008350   defined in Debug\stm8s_clk.o section .text
                                            used in Debug\main.o
_CLK_FastHaltWakeUpCmd           00008388   defined in Debug\stm8s_clk.o section .text
_CLK_GetClockFreq                000085b6   defined in Debug\stm8s_clk.o section .text
                                            used in Debug\stm8s_uart2.o
_CLK_GetFlagStatus               0000863c   defined in Debug\stm8s_clk.o section .text
                                            used in Debug\main.o
_CLK_GetITStatus                 00008699   defined in Debug\stm8s_clk.o section .text
_CLK_GetSYSCLKSource             000085b2   defined in Debug\stm8s_clk.o section .text
_CLK_HSECmd                      00008396   defined in Debug\stm8s_clk.o section .text
                                            used in Debug\main.o
_CLK_HSICmd                      000083a4   defined in Debug\stm8s_clk.o section .text
                                            used in Debug\main.o
_CLK_HSIPrescalerConfig          00008510   defined in Debug\stm8s_clk.o section .text
_CLK_ITConfig                    0000853a   defined in Debug\stm8s_clk.o section .text
_CLK_LSICmd                      000083b2   defined in Debug\stm8s_clk.o section .text
                                            used in Debug\main.o
_CLK_PeripheralClockConfig       000083ea   defined in Debug\stm8s_clk.o section .text
                                            used in Debug\main.o
_CLK_SWIMConfig                  0000859f   defined in Debug\stm8s_clk.o section .text
_CLK_SYSCLKConfig                00008572   defined in Debug\stm8s_clk.o section .text
                                            used in Debug\main.o
_CLK_SYSCLKEmergencyClear        00008637   defined in Debug\stm8s_clk.o section .text
_CLK_SlowActiveHaltWakeUpCmd     000083dc   defined in Debug\stm8s_clk.o section .text
_EXTI_DeInit                     ********   *** removed from Debug\stm8s_exti.o ***
_EXTI_GetExtIntSensitivity       ********   *** removed from Debug\stm8s_exti.o ***
_EXTI_GetTLISensitivity          ********   *** removed from Debug\stm8s_exti.o ***
_EXTI_SetExtIntSensitivity       ********   *** removed from Debug\stm8s_exti.o ***
_EXTI_SetTLISensitivity          ********   *** removed from Debug\stm8s_exti.o ***
_FLASH_DeInit                    ********   *** removed from Debug\stm8s_flash.o ***
_FLASH_EraseBlock                ********   *** removed from Debug\stm8s_flash.o ***
_FLASH_EraseByte                 ********   *** removed from Debug\stm8s_flash.o ***
_FLASH_EraseOptionByte           ********   *** removed from Debug\stm8s_flash.o ***
_FLASH_GetBootSize               ********   *** removed from Debug\stm8s_flash.o ***
_FLASH_GetFlagStatus             ********   *** removed from Debug\stm8s_flash.o ***
_FLASH_GetLowPowerMode           ********   *** removed from Debug\stm8s_flash.o ***
_FLASH_GetProgrammingTime        ********   *** removed from Debug\stm8s_flash.o ***
_FLASH_ITConfig                  ********   *** removed from Debug\stm8s_flash.o ***
_FLASH_Lock                      ********   *** removed from Debug\stm8s_flash.o ***
_FLASH_ProgramBlock              ********   *** removed from Debug\stm8s_flash.o ***
_FLASH_ProgramByte               ********   *** removed from Debug\stm8s_flash.o ***
_FLASH_ProgramOptionByte         ********   *** removed from Debug\stm8s_flash.o ***
_FLASH_ProgramWord               ********   *** removed from Debug\stm8s_flash.o ***
_FLASH_ReadByte                  ********   *** removed from Debug\stm8s_flash.o ***
_FLASH_ReadOptionByte            ********   *** removed from Debug\stm8s_flash.o ***
_FLASH_SetLowPowerMode           ********   *** removed from Debug\stm8s_flash.o ***
_FLASH_SetProgrammingTime        ********   *** removed from Debug\stm8s_flash.o ***
_FLASH_Unlock                    ********   *** removed from Debug\stm8s_flash.o ***
_FLASH_WaitForLastOperation      ********   *** removed from Debug\stm8s_flash.o ***
_GPIO_DeInit                     000086d4   defined in Debug\stm8s_gpio.o section .text
_GPIO_ExternalPullUpConfig       0000876e   defined in Debug\stm8s_gpio.o section .text
_GPIO_Init                       000086dc   defined in Debug\stm8s_gpio.o section .text
                                            used in Debug\lcd.o
_GPIO_ReadInputData              00008764   defined in Debug\stm8s_gpio.o section .text
_GPIO_ReadInputPin               00008767   defined in Debug\stm8s_gpio.o section .text
_GPIO_ReadOutputData             00008762   defined in Debug\stm8s_gpio.o section .text
_GPIO_Write                      00008744   defined in Debug\stm8s_gpio.o section .text
_GPIO_WriteHigh                  0000874c   defined in Debug\stm8s_gpio.o section .text
                                            used in Debug\lcd.o
_GPIO_WriteLow                   00008753   defined in Debug\stm8s_gpio.o section .text
                                            used in Debug\lcd.o
_GPIO_WriteReverse               0000875b   defined in Debug\stm8s_gpio.o section .text
_GPIO_setup                      0000882f   defined in Debug\main.o section .text
_HSIDivFactor                    00008080   defined in Debug\stm8s_clk.o section .const
_I2C_AcknowledgeConfig           ********   *** removed from Debug\stm8s_i2c.o ***
_I2C_CheckEvent                  ********   *** removed from Debug\stm8s_i2c.o ***
_I2C_ClearFlag                   ********   *** removed from Debug\stm8s_i2c.o ***
_I2C_ClearITPendingBit           ********   *** removed from Debug\stm8s_i2c.o ***
_I2C_Cmd                         ********   *** removed from Debug\stm8s_i2c.o ***
_I2C_DeInit                      ********   *** removed from Debug\stm8s_i2c.o ***
_I2C_FastModeDutyCycleConfig     ********   *** removed from Debug\stm8s_i2c.o ***
_I2C_GeneralCallCmd              ********   *** removed from Debug\stm8s_i2c.o ***
_I2C_GenerateSTART               ********   *** removed from Debug\stm8s_i2c.o ***
_I2C_GenerateSTOP                ********   *** removed from Debug\stm8s_i2c.o ***
_I2C_GetFlagStatus               ********   *** removed from Debug\stm8s_i2c.o ***
_I2C_GetITStatus                 ********   *** removed from Debug\stm8s_i2c.o ***
_I2C_GetLastEvent                ********   *** removed from Debug\stm8s_i2c.o ***
_I2C_ITConfig                    ********   *** removed from Debug\stm8s_i2c.o ***
_I2C_Init                        ********   *** removed from Debug\stm8s_i2c.o ***
_I2C_ReceiveData                 ********   *** removed from Debug\stm8s_i2c.o ***
_I2C_Send7bitAddress             ********   *** removed from Debug\stm8s_i2c.o ***
_I2C_SendData                    ********   *** removed from Debug\stm8s_i2c.o ***
_I2C_SoftwareResetCmd            ********   *** removed from Debug\stm8s_i2c.o ***
_I2C_StretchClockCmd             ********   *** removed from Debug\stm8s_i2c.o ***
_ITC_DeInit                      ********   *** removed from Debug\stm8s_itc.o ***
_ITC_GetCPUCC                    ********   *** removed from Debug\stm8s_itc.o ***
_ITC_GetSoftIntStatus            ********   *** removed from Debug\stm8s_itc.o ***
_ITC_GetSoftwarePriority         ********   *** removed from Debug\stm8s_itc.o ***
_ITC_SetSoftwarePriority         ********   *** removed from Debug\stm8s_itc.o ***
_IWDG_Enable                     ********   *** removed from Debug\stm8s_iwdg.o ***
_IWDG_ReloadCounter              ********   *** removed from Debug\stm8s_iwdg.o ***
_IWDG_SetPrescaler               ********   *** removed from Debug\stm8s_iwdg.o ***
_IWDG_SetReload                  ********   *** removed from Debug\stm8s_iwdg.o ***
_IWDG_WriteAccessCmd             ********   *** removed from Debug\stm8s_iwdg.o ***
_LCD_4bit_send                   0000824c   defined in Debug\lcd.o section .text
_LCD_GPIO_init                   0000811b   defined in Debug\lcd.o section .text
_LCD_send                        0000822a   defined in Debug\lcd.o section .text
_RST_ClearFlag                   ********   *** removed from Debug\stm8s_rst.o ***
_RST_GetFlagStatus               ********   *** removed from Debug\stm8s_rst.o ***
_SPI_BiDirectionalLineConfig     ********   *** removed from Debug\stm8s_spi.o ***
_SPI_CalculateCRCCmd             ********   *** removed from Debug\stm8s_spi.o ***
_SPI_ClearFlag                   ********   *** removed from Debug\stm8s_spi.o ***
_SPI_ClearITPendingBit           ********   *** removed from Debug\stm8s_spi.o ***
_SPI_Cmd                         ********   *** removed from Debug\stm8s_spi.o ***
_SPI_DeInit                      ********   *** removed from Debug\stm8s_spi.o ***
_SPI_GetCRC                      ********   *** removed from Debug\stm8s_spi.o ***
_SPI_GetCRCPolynomial            ********   *** removed from Debug\stm8s_spi.o ***
_SPI_GetFlagStatus               ********   *** removed from Debug\stm8s_spi.o ***
_SPI_GetITStatus                 ********   *** removed from Debug\stm8s_spi.o ***
_SPI_ITConfig                    ********   *** removed from Debug\stm8s_spi.o ***
_SPI_Init                        ********   *** removed from Debug\stm8s_spi.o ***
_SPI_NSSInternalSoftwareCmd      ********   *** removed from Debug\stm8s_spi.o ***
_SPI_ReceiveData                 ********   *** removed from Debug\stm8s_spi.o ***
_SPI_ResetCRC                    ********   *** removed from Debug\stm8s_spi.o ***
_SPI_SendData                    ********   *** removed from Debug\stm8s_spi.o ***
_SPI_TransmitCRC                 ********   *** removed from Debug\stm8s_spi.o ***
_TBR_Array                       ********   *** removed from Debug\stm8s_awu.o ***
_TIM1_ARRPreloadConfig           ********   *** removed from Debug\stm8s_tim1.o ***
_TIM1_BDTRConfig                 ********   *** removed from Debug\stm8s_tim1.o ***
_TIM1_CCPreloadControl           ********   *** removed from Debug\stm8s_tim1.o ***
_TIM1_CCxCmd                     ********   *** removed from Debug\stm8s_tim1.o ***
_TIM1_CCxNCmd                    ********   *** removed from Debug\stm8s_tim1.o ***
_TIM1_ClearFlag                  ********   *** removed from Debug\stm8s_tim1.o ***
_TIM1_ClearITPendingBit          ********   *** removed from Debug\stm8s_tim1.o ***
_TIM1_Cmd                        ********   *** removed from Debug\stm8s_tim1.o ***
_TIM1_CounterModeConfig          ********   *** removed from Debug\stm8s_tim1.o ***
_TIM1_CtrlPWMOutputs             ********   *** removed from Debug\stm8s_tim1.o ***
_TIM1_DeInit                     ********   *** removed from Debug\stm8s_tim1.o ***
_TIM1_ETRClockMode1Config        ********   *** removed from Debug\stm8s_tim1.o ***
_TIM1_ETRClockMode2Config        ********   *** removed from Debug\stm8s_tim1.o ***
_TIM1_ETRConfig                  ********   *** removed from Debug\stm8s_tim1.o ***
_TIM1_EncoderInterfaceConfig     ********   *** removed from Debug\stm8s_tim1.o ***
_TIM1_ForcedOC1Config            ********   *** removed from Debug\stm8s_tim1.o ***
_TIM1_ForcedOC2Config            ********   *** removed from Debug\stm8s_tim1.o ***
_TIM1_ForcedOC3Config            ********   *** removed from Debug\stm8s_tim1.o ***
_TIM1_ForcedOC4Config            ********   *** removed from Debug\stm8s_tim1.o ***
_TIM1_GenerateEvent              ********   *** removed from Debug\stm8s_tim1.o ***
_TIM1_GetCapture1                ********   *** removed from Debug\stm8s_tim1.o ***
_TIM1_GetCapture2                ********   *** removed from Debug\stm8s_tim1.o ***
_TIM1_GetCapture3                ********   *** removed from Debug\stm8s_tim1.o ***
_TIM1_GetCapture4                ********   *** removed from Debug\stm8s_tim1.o ***
_TIM1_GetCounter                 ********   *** removed from Debug\stm8s_tim1.o ***
_TIM1_GetFlagStatus              ********   *** removed from Debug\stm8s_tim1.o ***
_TIM1_GetITStatus                ********   *** removed from Debug\stm8s_tim1.o ***
_TIM1_GetPrescaler               ********   *** removed from Debug\stm8s_tim1.o ***
_TIM1_ICInit                     ********   *** removed from Debug\stm8s_tim1.o ***
_TIM1_ITConfig                   ********   *** removed from Debug\stm8s_tim1.o ***
_TIM1_InternalClockConfig        ********   *** removed from Debug\stm8s_tim1.o ***
_TIM1_OC1FastConfig              ********   *** removed from Debug\stm8s_tim1.o ***
_TIM1_OC1Init                    ********   *** removed from Debug\stm8s_tim1.o ***
_TIM1_OC1NPolarityConfig         ********   *** removed from Debug\stm8s_tim1.o ***
_TIM1_OC1PolarityConfig          ********   *** removed from Debug\stm8s_tim1.o ***
_TIM1_OC1PreloadConfig           ********   *** removed from Debug\stm8s_tim1.o ***
_TIM1_OC2FastConfig              ********   *** removed from Debug\stm8s_tim1.o ***
_TIM1_OC2Init                    ********   *** removed from Debug\stm8s_tim1.o ***
_TIM1_OC2NPolarityConfig         ********   *** removed from Debug\stm8s_tim1.o ***
_TIM1_OC2PolarityConfig          ********   *** removed from Debug\stm8s_tim1.o ***
_TIM1_OC2PreloadConfig           ********   *** removed from Debug\stm8s_tim1.o ***
_TIM1_OC3FastConfig              ********   *** removed from Debug\stm8s_tim1.o ***
_TIM1_OC3Init                    ********   *** removed from Debug\stm8s_tim1.o ***
_TIM1_OC3NPolarityConfig         ********   *** removed from Debug\stm8s_tim1.o ***
_TIM1_OC3PolarityConfig          ********   *** removed from Debug\stm8s_tim1.o ***
_TIM1_OC3PreloadConfig           ********   *** removed from Debug\stm8s_tim1.o ***
_TIM1_OC4FastConfig              ********   *** removed from Debug\stm8s_tim1.o ***
_TIM1_OC4Init                    ********   *** removed from Debug\stm8s_tim1.o ***
_TIM1_OC4PolarityConfig          ********   *** removed from Debug\stm8s_tim1.o ***
_TIM1_OC4PreloadConfig           ********   *** removed from Debug\stm8s_tim1.o ***
_TIM1_PWMIConfig                 ********   *** removed from Debug\stm8s_tim1.o ***
_TIM1_PrescalerConfig            ********   *** removed from Debug\stm8s_tim1.o ***
_TIM1_SelectCOM                  ********   *** removed from Debug\stm8s_tim1.o ***
_TIM1_SelectHallSensor           ********   *** removed from Debug\stm8s_tim1.o ***
_TIM1_SelectInputTrigger         ********   *** removed from Debug\stm8s_tim1.o ***
_TIM1_SelectMasterSlaveMode      ********   *** removed from Debug\stm8s_tim1.o ***
_TIM1_SelectOCxM                 ********   *** removed from Debug\stm8s_tim1.o ***
_TIM1_SelectOnePulseMode         ********   *** removed from Debug\stm8s_tim1.o ***
_TIM1_SelectOutputTrigger        ********   *** removed from Debug\stm8s_tim1.o ***
_TIM1_SelectSlaveMode            ********   *** removed from Debug\stm8s_tim1.o ***
_TIM1_SetAutoreload              ********   *** removed from Debug\stm8s_tim1.o ***
_TIM1_SetCompare1                ********   *** removed from Debug\stm8s_tim1.o ***
_TIM1_SetCompare2                ********   *** removed from Debug\stm8s_tim1.o ***
_TIM1_SetCompare3                ********   *** removed from Debug\stm8s_tim1.o ***
_TIM1_SetCompare4                ********   *** removed from Debug\stm8s_tim1.o ***
_TIM1_SetCounter                 ********   *** removed from Debug\stm8s_tim1.o ***
_TIM1_SetIC1Prescaler            ********   *** removed from Debug\stm8s_tim1.o ***
_TIM1_SetIC2Prescaler            ********   *** removed from Debug\stm8s_tim1.o ***
_TIM1_SetIC3Prescaler            ********   *** removed from Debug\stm8s_tim1.o ***
_TIM1_SetIC4Prescaler            ********   *** removed from Debug\stm8s_tim1.o ***
_TIM1_TIxExternalClockConfig     ********   *** removed from Debug\stm8s_tim1.o ***
_TIM1_TimeBaseInit               ********   *** removed from Debug\stm8s_tim1.o ***
_TIM1_UpdateDisableConfig        ********   *** removed from Debug\stm8s_tim1.o ***
_TIM1_UpdateRequestConfig        ********   *** removed from Debug\stm8s_tim1.o ***
_TIM2_ARRPreloadConfig           ********   *** removed from Debug\stm8s_tim2.o ***
_TIM2_CCxCmd                     ********   *** removed from Debug\stm8s_tim2.o ***
_TIM2_ClearFlag                  ********   *** removed from Debug\stm8s_tim2.o ***
_TIM2_ClearITPendingBit          ********   *** removed from Debug\stm8s_tim2.o ***
_TIM2_Cmd                        ********   *** removed from Debug\stm8s_tim2.o ***
_TIM2_DeInit                     ********   *** removed from Debug\stm8s_tim2.o ***
_TIM2_ForcedOC1Config            ********   *** removed from Debug\stm8s_tim2.o ***
_TIM2_ForcedOC2Config            ********   *** removed from Debug\stm8s_tim2.o ***
_TIM2_ForcedOC3Config            ********   *** removed from Debug\stm8s_tim2.o ***
_TIM2_GenerateEvent              ********   *** removed from Debug\stm8s_tim2.o ***
_TIM2_GetCapture1                ********   *** removed from Debug\stm8s_tim2.o ***
_TIM2_GetCapture2                ********   *** removed from Debug\stm8s_tim2.o ***
_TIM2_GetCapture3                ********   *** removed from Debug\stm8s_tim2.o ***
_TIM2_GetCounter                 ********   *** removed from Debug\stm8s_tim2.o ***
_TIM2_GetFlagStatus              ********   *** removed from Debug\stm8s_tim2.o ***
_TIM2_GetITStatus                ********   *** removed from Debug\stm8s_tim2.o ***
_TIM2_GetPrescaler               ********   *** removed from Debug\stm8s_tim2.o ***
_TIM2_ICInit                     ********   *** removed from Debug\stm8s_tim2.o ***
_TIM2_ITConfig                   ********   *** removed from Debug\stm8s_tim2.o ***
_TIM2_OC1Init                    ********   *** removed from Debug\stm8s_tim2.o ***
_TIM2_OC1PolarityConfig          ********   *** removed from Debug\stm8s_tim2.o ***
_TIM2_OC1PreloadConfig           ********   *** removed from Debug\stm8s_tim2.o ***
_TIM2_OC2Init                    ********   *** removed from Debug\stm8s_tim2.o ***
_TIM2_OC2PolarityConfig          ********   *** removed from Debug\stm8s_tim2.o ***
_TIM2_OC2PreloadConfig           ********   *** removed from Debug\stm8s_tim2.o ***
_TIM2_OC3Init                    ********   *** removed from Debug\stm8s_tim2.o ***
_TIM2_OC3PolarityConfig          ********   *** removed from Debug\stm8s_tim2.o ***
_TIM2_OC3PreloadConfig           ********   *** removed from Debug\stm8s_tim2.o ***
_TIM2_PWMIConfig                 ********   *** removed from Debug\stm8s_tim2.o ***
_TIM2_PrescalerConfig            ********   *** removed from Debug\stm8s_tim2.o ***
_TIM2_SelectOCxM                 ********   *** removed from Debug\stm8s_tim2.o ***
_TIM2_SelectOnePulseMode         ********   *** removed from Debug\stm8s_tim2.o ***
_TIM2_SetAutoreload              ********   *** removed from Debug\stm8s_tim2.o ***
_TIM2_SetCompare1                ********   *** removed from Debug\stm8s_tim2.o ***
_TIM2_SetCompare2                ********   *** removed from Debug\stm8s_tim2.o ***
_TIM2_SetCompare3                ********   *** removed from Debug\stm8s_tim2.o ***
_TIM2_SetCounter                 ********   *** removed from Debug\stm8s_tim2.o ***
_TIM2_SetIC1Prescaler            ********   *** removed from Debug\stm8s_tim2.o ***
_TIM2_SetIC2Prescaler            ********   *** removed from Debug\stm8s_tim2.o ***
_TIM2_SetIC3Prescaler            ********   *** removed from Debug\stm8s_tim2.o ***
_TIM2_TimeBaseInit               ********   *** removed from Debug\stm8s_tim2.o ***
_TIM2_UpdateDisableConfig        ********   *** removed from Debug\stm8s_tim2.o ***
_TIM2_UpdateRequestConfig        ********   *** removed from Debug\stm8s_tim2.o ***
_TIM3_ARRPreloadConfig           ********   *** removed from Debug\stm8s_tim3.o ***
_TIM3_CCxCmd                     ********   *** removed from Debug\stm8s_tim3.o ***
_TIM3_ClearFlag                  ********   *** removed from Debug\stm8s_tim3.o ***
_TIM3_ClearITPendingBit          ********   *** removed from Debug\stm8s_tim3.o ***
_TIM3_Cmd                        ********   *** removed from Debug\stm8s_tim3.o ***
_TIM3_DeInit                     ********   *** removed from Debug\stm8s_tim3.o ***
_TIM3_ForcedOC1Config            ********   *** removed from Debug\stm8s_tim3.o ***
_TIM3_ForcedOC2Config            ********   *** removed from Debug\stm8s_tim3.o ***
_TIM3_GenerateEvent              ********   *** removed from Debug\stm8s_tim3.o ***
_TIM3_GetCapture1                ********   *** removed from Debug\stm8s_tim3.o ***
_TIM3_GetCapture2                ********   *** removed from Debug\stm8s_tim3.o ***
_TIM3_GetCounter                 ********   *** removed from Debug\stm8s_tim3.o ***
_TIM3_GetFlagStatus              ********   *** removed from Debug\stm8s_tim3.o ***
_TIM3_GetITStatus                ********   *** removed from Debug\stm8s_tim3.o ***
_TIM3_GetPrescaler               ********   *** removed from Debug\stm8s_tim3.o ***
_TIM3_ICInit                     ********   *** removed from Debug\stm8s_tim3.o ***
_TIM3_ITConfig                   ********   *** removed from Debug\stm8s_tim3.o ***
_TIM3_OC1Init                    ********   *** removed from Debug\stm8s_tim3.o ***
_TIM3_OC1PolarityConfig          ********   *** removed from Debug\stm8s_tim3.o ***
_TIM3_OC1PreloadConfig           ********   *** removed from Debug\stm8s_tim3.o ***
_TIM3_OC2Init                    ********   *** removed from Debug\stm8s_tim3.o ***
_TIM3_OC2PolarityConfig          ********   *** removed from Debug\stm8s_tim3.o ***
_TIM3_OC2PreloadConfig           ********   *** removed from Debug\stm8s_tim3.o ***
_TIM3_PWMIConfig                 ********   *** removed from Debug\stm8s_tim3.o ***
_TIM3_PrescalerConfig            ********   *** removed from Debug\stm8s_tim3.o ***
_TIM3_SelectOCxM                 ********   *** removed from Debug\stm8s_tim3.o ***
_TIM3_SelectOnePulseMode         ********   *** removed from Debug\stm8s_tim3.o ***
_TIM3_SetAutoreload              ********   *** removed from Debug\stm8s_tim3.o ***
_TIM3_SetCompare1                ********   *** removed from Debug\stm8s_tim3.o ***
_TIM3_SetCompare2                ********   *** removed from Debug\stm8s_tim3.o ***
_TIM3_SetCounter                 ********   *** removed from Debug\stm8s_tim3.o ***
_TIM3_SetIC1Prescaler            ********   *** removed from Debug\stm8s_tim3.o ***
_TIM3_SetIC2Prescaler            ********   *** removed from Debug\stm8s_tim3.o ***
_TIM3_TimeBaseInit               ********   *** removed from Debug\stm8s_tim3.o ***
_TIM3_UpdateDisableConfig        ********   *** removed from Debug\stm8s_tim3.o ***
_TIM3_UpdateRequestConfig        ********   *** removed from Debug\stm8s_tim3.o ***
_TIM4_ARRPreloadConfig           ********   *** removed from Debug\stm8s_tim4.o ***
_TIM4_ClearFlag                  ********   *** removed from Debug\stm8s_tim4.o ***
_TIM4_ClearITPendingBit          ********   *** removed from Debug\stm8s_tim4.o ***
_TIM4_Cmd                        ********   *** removed from Debug\stm8s_tim4.o ***
_TIM4_DeInit                     ********   *** removed from Debug\stm8s_tim4.o ***
_TIM4_GenerateEvent              ********   *** removed from Debug\stm8s_tim4.o ***
_TIM4_GetCounter                 ********   *** removed from Debug\stm8s_tim4.o ***
_TIM4_GetFlagStatus              ********   *** removed from Debug\stm8s_tim4.o ***
_TIM4_GetITStatus                ********   *** removed from Debug\stm8s_tim4.o ***
_TIM4_GetPrescaler               ********   *** removed from Debug\stm8s_tim4.o ***
_TIM4_ITConfig                   ********   *** removed from Debug\stm8s_tim4.o ***
_TIM4_PrescalerConfig            ********   *** removed from Debug\stm8s_tim4.o ***
_TIM4_SelectOnePulseMode         ********   *** removed from Debug\stm8s_tim4.o ***
_TIM4_SetAutoreload              ********   *** removed from Debug\stm8s_tim4.o ***
_TIM4_SetCounter                 ********   *** removed from Debug\stm8s_tim4.o ***
_TIM4_TimeBaseInit               ********   *** removed from Debug\stm8s_tim4.o ***
_TIM4_UpdateDisableConfig        ********   *** removed from Debug\stm8s_tim4.o ***
_TIM4_UpdateRequestConfig        ********   *** removed from Debug\stm8s_tim4.o ***
_UART2_ClearFlag                 ********   *** removed from Debug\stm8s_uart2.o ***
_UART2_ClearITPendingBit         ********   *** removed from Debug\stm8s_uart2.o ***
_UART2_Cmd                       ********   *** removed from Debug\stm8s_uart2.o ***
_UART2_DeInit                    ********   *** removed from Debug\stm8s_uart2.o ***
_UART2_GetFlagStatus             ********   *** removed from Debug\stm8s_uart2.o ***
_UART2_GetITStatus               ********   *** removed from Debug\stm8s_uart2.o ***
_UART2_ITConfig                  ********   *** removed from Debug\stm8s_uart2.o ***
_UART2_Init                      ********   *** removed from Debug\stm8s_uart2.o ***
_UART2_IrDACmd                   ********   *** removed from Debug\stm8s_uart2.o ***
_UART2_IrDAConfig                ********   *** removed from Debug\stm8s_uart2.o ***
_UART2_LINBreakDetectionConfig   ********   *** removed from Debug\stm8s_uart2.o ***
_UART2_LINCmd                    ********   *** removed from Debug\stm8s_uart2.o ***
_UART2_LINConfig                 ********   *** removed from Debug\stm8s_uart2.o ***
_UART2_ReceiveData8              ********   *** removed from Debug\stm8s_uart2.o ***
_UART2_ReceiveData9              ********   *** removed from Debug\stm8s_uart2.o ***
_UART2_ReceiverWakeUpCmd         ********   *** removed from Debug\stm8s_uart2.o ***
_UART2_SendBreak                 ********   *** removed from Debug\stm8s_uart2.o ***
_UART2_SendData8                 ********   *** removed from Debug\stm8s_uart2.o ***
_UART2_SendData9                 ********   *** removed from Debug\stm8s_uart2.o ***
_UART2_SetAddress                ********   *** removed from Debug\stm8s_uart2.o ***
_UART2_SetGuardTime              ********   *** removed from Debug\stm8s_uart2.o ***
_UART2_SetPrescaler              ********   *** removed from Debug\stm8s_uart2.o ***
_UART2_SmartCardCmd              ********   *** removed from Debug\stm8s_uart2.o ***
_UART2_SmartCardNACKCmd          ********   *** removed from Debug\stm8s_uart2.o ***
_UART2_WakeUpConfig              ********   *** removed from Debug\stm8s_uart2.o ***
_WWDG_GetCounter                 ********   *** removed from Debug\stm8s_wwdg.o ***
_WWDG_Init                       ********   *** removed from Debug\stm8s_wwdg.o ***
_WWDG_SWReset                    ********   *** removed from Debug\stm8s_wwdg.o ***
_WWDG_SetCounter                 ********   *** removed from Debug\stm8s_wwdg.o ***
_WWDG_SetWindowValue             ********   *** removed from Debug\stm8s_wwdg.o ***
__endmem                         000005ff   defined in command file
                                            *** not used ***
__endzp                          0000000a   defined in command file section .ubsct
                                            used in C:\Apps\COSMIC\CXSTM8_EVAL\Lib\crtsi0.sm8
__idesc__                        000080aa   defined in linker section .init
                                            used in C:\Apps\COSMIC\CXSTM8_EVAL\Lib\crtsi0.sm8
__memory                         00000100   defined in command file section .bss
                                            used in C:\Apps\COSMIC\CXSTM8_EVAL\Lib\crtsi0.sm8
__stack                          000007ff   defined in command file
                                            used in C:\Apps\COSMIC\CXSTM8_EVAL\Lib\crtsi0.sm8
__startmem                       00000100   defined in command file section .bss
                                            *** not used ***
__stext                          000080ad   defined in C:\Apps\COSMIC\CXSTM8_EVAL\Lib\crtsi0.sm8 section .text
                                            used in Debug\stm8_interrupt_vector.o
__vectab                         00008000   defined in Debug\stm8_interrupt_vector.o section .const
_clock_setup                     000087c9   defined in Debug\main.o section .text
_delay_ms                        000080f8   defined in Debug\delay.o section .text
                                            used in Debug\lcd.o Debug\main.o
_exit                            000080f6   defined in C:\Apps\COSMIC\CXSTM8_EVAL\Lib\crtsi0.sm8 section .text
_lcd_clear                       000082d2   defined in Debug\lcd.o section .text
                                            used in Debug\main.o
_lcd_gotoxy                      000082df   defined in Debug\lcd.o section .text
                                            used in Debug\main.o
_lcd_init                        0000816b   defined in Debug\lcd.o section .text
                                            used in Debug\main.o
_lcd_putchar                     000082ca   defined in Debug\lcd.o section .text
_lcd_puts                        000082ad   defined in Debug\lcd.o section .text
                                            used in Debug\main.o
_main                            00008786   defined in Debug\main.o section .text
                                            used in C:\Apps\COSMIC\CXSTM8_EVAL\Lib\crtsi0.sm8
_setup                           000087c4   defined in Debug\main.o section .text
_toggle_EN_pin                   000082fa   defined in Debug\lcd.o section .text
_toggle_io                       0000831a   defined in Debug\lcd.o section .text
c_cmulx                          ********   *** removed from (C:\Apps\COSMIC\CXSTM8_EVAL\Lib\libm0.sm8)cmulx.o ***
c_divsl                          0000888e   defined in (C:\Apps\COSMIC\CXSTM8_EVAL\Lib\libm0.sm8)ldiv.o section .text
                                            *** not used ***
c_divul                          000088a5   defined in (C:\Apps\COSMIC\CXSTM8_EVAL\Lib\libm0.sm8)ldiv.o section .text
                                            used in (C:\Apps\COSMIC\CXSTM8_EVAL\Lib\libm0.sm8)ludiv.o
c_imul                           ********   *** removed from (C:\Apps\COSMIC\CXSTM8_EVAL\Lib\libm0.sm8)imul.o ***
c_ladd                           ********   *** removed from (C:\Apps\COSMIC\CXSTM8_EVAL\Lib\libm0.sm8)ladd.o ***
c_lcmp                           ********   *** removed from (C:\Apps\COSMIC\CXSTM8_EVAL\Lib\libm0.sm8)lcmp.o ***
c_lgadd                          ********   *** removed from (C:\Apps\COSMIC\CXSTM8_EVAL\Lib\libm0.sm8)lgadd.o ***
c_lglsh                          00008830   defined in (C:\Apps\COSMIC\CXSTM8_EVAL\Lib\libm0.sm8)lglsh.o section .text
                                            used in Debug\delay.o
c_lgneg                          00008979   defined in (C:\Apps\COSMIC\CXSTM8_EVAL\Lib\libm0.sm8)lgneg.o section .text
                                            used in (C:\Apps\COSMIC\CXSTM8_EVAL\Lib\libm0.sm8)ldiv.o
c_lgsbc                          0000883e   defined in (C:\Apps\COSMIC\CXSTM8_EVAL\Lib\libm0.sm8)lgsbc.o section .text
                                            used in Debug\delay.o
c_llsh                           ********   *** removed from (C:\Apps\COSMIC\CXSTM8_EVAL\Lib\libm0.sm8)llsh.o ***
c_lmul                           ********   *** removed from (C:\Apps\COSMIC\CXSTM8_EVAL\Lib\libm0.sm8)lmul.o ***
c_lmulc                          ********   *** removed from (C:\Apps\COSMIC\CXSTM8_EVAL\Lib\libm0.sm8)lmul.o ***
c_lneg                           0000898c   defined in (C:\Apps\COSMIC\CXSTM8_EVAL\Lib\libm0.sm8)lneg.o section .text
                                            used in (C:\Apps\COSMIC\CXSTM8_EVAL\Lib\libm0.sm8)ldiv.o
c_lreg                           00000000   defined in (C:\Apps\COSMIC\CXSTM8_EVAL\Lib\libm0.sm8)lreg.o section .ubsct
                                            used in Debug\stm8s_awu.o
                                                    Debug\stm8s_beep.o
                                                    Debug\stm8s_clk.o
                                                    Debug\stm8s_flash.o
                                                    Debug\stm8s_i2c.o
                                                    Debug\stm8s_uart2.o
                                                    (C:\Apps\COSMIC\CXSTM8_EVAL\Lib\libm0.sm8)cmulx.o
                                                    (C:\Apps\COSMIC\CXSTM8_EVAL\Lib\libm0.sm8)ladd.o
                                                    (C:\Apps\COSMIC\CXSTM8_EVAL\Lib\libm0.sm8)lcmp.o
                                                    (C:\Apps\COSMIC\CXSTM8_EVAL\Lib\libm0.sm8)lgadd.o
                                                    (C:\Apps\COSMIC\CXSTM8_EVAL\Lib\libm0.sm8)llsh.o
                                                    (C:\Apps\COSMIC\CXSTM8_EVAL\Lib\libm0.sm8)lmul.o
                                                    (C:\Apps\COSMIC\CXSTM8_EVAL\Lib\libm0.sm8)lrzmp.o
                                                    (C:\Apps\COSMIC\CXSTM8_EVAL\Lib\libm0.sm8)lsub.o
                                                    (C:\Apps\COSMIC\CXSTM8_EVAL\Lib\libm0.sm8)ltor.o
                                                    (C:\Apps\COSMIC\CXSTM8_EVAL\Lib\libm0.sm8)ldiv.o
                                                    (C:\Apps\COSMIC\CXSTM8_EVAL\Lib\libm0.sm8)lneg.o
                                                    (C:\Apps\COSMIC\CXSTM8_EVAL\Lib\libm0.sm8)lursh.o
                                                    (C:\Apps\COSMIC\CXSTM8_EVAL\Lib\libm0.sm8)rtol.o
                                                    (C:\Apps\COSMIC\CXSTM8_EVAL\Lib\libm0.sm8)smul.o
                                                    (C:\Apps\COSMIC\CXSTM8_EVAL\Lib\libm0.sm8)umul.o
c_lrzmp                          00008854   defined in (C:\Apps\COSMIC\CXSTM8_EVAL\Lib\libm0.sm8)lrzmp.o section .text
                                            used in Debug\delay.o
c_lsub                           ********   *** removed from (C:\Apps\COSMIC\CXSTM8_EVAL\Lib\libm0.sm8)lsub.o ***
c_ltor                           00008868   defined in (C:\Apps\COSMIC\CXSTM8_EVAL\Lib\libm0.sm8)ltor.o section .text
                                            used in Debug\delay.o
                                                    Debug\stm8s_awu.o
                                                    Debug\stm8s_beep.o
                                                    Debug\stm8s_clk.o
                                                    Debug\stm8s_flash.o
                                                    Debug\stm8s_i2c.o
                                                    Debug\stm8s_uart2.o
c_ludv                           0000887a   defined in (C:\Apps\COSMIC\CXSTM8_EVAL\Lib\libm0.sm8)ludiv.o section .text
                                            used in Debug\stm8s_awu.o
                                                    Debug\stm8s_beep.o
                                                    Debug\stm8s_clk.o
                                                    Debug\stm8s_i2c.o
                                                    Debug\stm8s_uart2.o
c_lursh                          ********   *** removed from (C:\Apps\COSMIC\CXSTM8_EVAL\Lib\libm0.sm8)lursh.o ***
c_rtol                           000089a1   defined in (C:\Apps\COSMIC\CXSTM8_EVAL\Lib\libm0.sm8)rtol.o section .text
                                            used in Debug\stm8s_clk.o
                                                    Debug\stm8s_flash.o
                                                    Debug\stm8s_i2c.o
                                                    Debug\stm8s_uart2.o
c_sdivx                          ********   *** removed from (C:\Apps\COSMIC\CXSTM8_EVAL\Lib\libm0.sm8)sdivx.o ***
c_smodx                          ********   *** removed from (C:\Apps\COSMIC\CXSTM8_EVAL\Lib\libm0.sm8)sdivx.o ***
c_smul                           ********   *** removed from (C:\Apps\COSMIC\CXSTM8_EVAL\Lib\libm0.sm8)smul.o ***
c_umul                           ********   *** removed from (C:\Apps\COSMIC\CXSTM8_EVAL\Lib\libm0.sm8)umul.o ***
c_x                              00000004   defined in (C:\Apps\COSMIC\CXSTM8_EVAL\Lib\libm0.sm8)xreg.o section .ubsct
                                            used in C:\Apps\COSMIC\CXSTM8_EVAL\Lib\crtsi0.sm8
                                                    Debug\stm8s_awu.o
                                                    Debug\stm8s_beep.o
                                                    (C:\Apps\COSMIC\CXSTM8_EVAL\Lib\libm0.sm8)imul.o
                                                    (C:\Apps\COSMIC\CXSTM8_EVAL\Lib\libm0.sm8)lmul.o
                                                    (C:\Apps\COSMIC\CXSTM8_EVAL\Lib\libm0.sm8)ldiv.o
                                                    (C:\Apps\COSMIC\CXSTM8_EVAL\Lib\libm0.sm8)sdivx.o
                                                    (C:\Apps\COSMIC\CXSTM8_EVAL\Lib\libm0.sm8)umul.o
c_y                              00000007   defined in (C:\Apps\COSMIC\CXSTM8_EVAL\Lib\libm0.sm8)yreg.o section .ubsct
                                            used in C:\Apps\COSMIC\CXSTM8_EVAL\Lib\crtsi0.sm8
                                                    (C:\Apps\COSMIC\CXSTM8_EVAL\Lib\libm0.sm8)umul.o
f_NonHandledInterrupt            000089b3   defined in Debug\stm8_interrupt_vector.o section .text
